------- FILE terminal.asm LEVEL 1 PASS 2
      1  08a4		       d7 f2	   MODEM_DATA_OUT EQU	$D7F2
      2  08a4		       d7 f0	   MODEM_DATA_IN EQU	$D7F0
      3  08a4		       d7 f3	   MODEM_DATA_REQ EQU	$D7F3
      4  08a4		       d7 f1	   MODEM_ACK  EQU	$D7F1	; PORTA PER L'HANDSHAKE
      5  08a4		       d7 f4	   MODEM_CONNST EQU	$D7F4
      6  08a4 ????
      7  08a4 ????				      PROCESSOR	6502
      8  08a4 ????
      9  08a4 ????
     10  08a4 ????	       ff e4	   GETIN      =	$FFE4
     11  08a4 ????	       ff d2	   CHROUT     =	$FFD2
     12  08a4 ????
     13  08a4 ????
     14  08a4 ????
     15  08a4 ????
     16  08a4 ????
     17  08a4 ????
     18  08a4 ????
     19  08a4 ????
     20  0801					      ORG	2049
     21  0801
     22  0801
     23  0801		       0c 08 e4 07*BASIC_ROW_0 BYTE.b	[BASIC_ROW_1%256],[BASIC_ROW_1/256],[2020%256],[2020/256],158,[[[MAIN%100000]-[MAIN%10000]]/10000+$30],[[[MAIN%10000]-[MAIN%1000]]/1000+$30],[[[MAIN%1000]-[MAIN%100]]/100+$30],[[[MAIN%100]-[MAIN%10]]/10+$30],[[[MAIN%10]-[MAIN%1]]/1+$30],0
     24  080c		       00 00	   BASIC_ROW_1 BYTE.b	0,0
     25  080e
     26  080e				   MAIN
     27  080e		       a9 00		      LDA	#0
     28  0810		       8d 20 d0 	      STA	53280
     29  0813		       8d 21 d0 	      STA	53281
     30  0816		       a9 0f		      LDA	#15
     31  0818		       8d 18 d4 	      STA	54296
     32  081b		       a9 0e		      LDA	#14
     33  081d		       20 d2 ff 	      JSR	CHROUT
     34  0820		       a9 93		      LDA	#147
     35  0822		       20 d2 ff 	      JSR	CHROUT
     36  0825		       a9 05		      LDA	#5
     37  0827		       20 d2 ff 	      JSR	CHROUT
     38  082a
     39  082a				   TERMINAL
     40  082a
     41  082a		       ad f3 d7 	      LDA	MODEM_DATA_REQ
     42  082d				   IF_35_START
     43  082d		       c9 00		      CMP	#0
     44  082f		       f0 28		      BEQ	IF_35_ELSE
     45  0831		       20 74 08 	      JSR	CURSOR_OFF
     46  0834				   DO_37_START
     47  0834
     48  0834		       a2 00		      LDX	#0
     49  0836		       86 d4		      STX	$D4
     50  0838		       86 d8		      STX	$D8
     51  083a
     52  083a
     53  083a		       ad f0 d7 	      LDA	MODEM_DATA_IN
     54  083d
     55  083d
     56  083d				   IF_47_START
     57  083d		       c9 07		      CMP	#7
     58  083f		       d0 03		      BNE	IF_47_ELSE
     59  0841		       20 85 08 	      JSR	TERM_BELL
     60  0844				   IF_47_ELSE
     61  0844				   IF_47_END
     62  0844
     63  0844
     64  0844
     65  0844		       20 d2 ff 	      JSR	CHROUT
     66  0847
     67  0847
     68  0847
     69  0847		       a9 00		      LDA	#0
     70  0849		       8d f1 d7 	      STA	MODEM_ACK
     71  084c		       a9 01		      LDA	#1
     72  084e		       8d f1 d7 	      STA	MODEM_ACK
     73  0851
     74  0851
     75  0851		       ad f3 d7 	      LDA	MODEM_DATA_REQ
     76  0854		       d0 de		      BNE	DO_37_START
     77  0856				   DO_37_END
     78  0856
     79  0856		       20 6f 08 	      JSR	CURSOR_ON
     80  0859				   IF_35_ELSE
     81  0859				   IF_35_END
     82  0859
     83  0859
     84  0859		       20 e4 ff 	      JSR	GETIN
     85  085c				   IF_72_START
     86  085c		       c9 00		      CMP	#0
     87  085e		       f0 03		      BEQ	IF_72_ELSE
     88  0860		       8d f2 d7 	      STA	MODEM_DATA_OUT
     89  0863				   IF_72_ELSE
     90  0863				   IF_72_END
     91  0863
     92  0863
     93  0863
     94  0863		       ad f4 d7 	      LDA	MODEM_CONNST
     95  0866		       8d 20 d0 	      STA	53280
     96  0869		       8d 21 d0 	      STA	53281
     97  086c
     98  086c		       4c 2a 08 	      JMP	TERMINAL
     99  086f
    100  086f
    101  086f
    102  086f
    103  086f				   CURSOR_ON
    104  086f		       a0 00		      LDY	#$00
    105  0871		       84 cc		      STY	$CC
    106  0873		       60		      RTS
    107  0874
    108  0874				   CURSOR_OFF
    109  0874		       a4 cc		      LDY	$CC
    110  0876				   IF_94_START
    111  0876		       d0 08		      BNE	IF_94_ELSE
    112  0878		       a0 01		      LDY	#$01
    113  087a		       84 cd		      STY	$CD
    114  087c				   DO_89_START
    115  087c		       a4 cf		      LDY	$CF
    116  087e		       d0 fc		      BNE	DO_89_START
    117  0880				   DO_89_END
    118  0880
    119  0880				   IF_94_ELSE
    120  0880				   IF_94_END
    121  0880		       a0 ff		      LDY	#$FF
    122  0882		       84 cc		      STY	$CC
    123  0884		       60		      RTS
    124  0885
    125  0885				   TERM_BELL
    126  0885		       a0 0f		      LDY	#15
    127  0887		       8c 18 d4 	      STY	$D418
    128  088a		       a0 14		      LDY	#20
    129  088c		       8c 01 d4 	      STY	$D401
    130  088f		       a0 00		      LDY	#0
    131  0891		       8c 05 d4 	      STY	$D405
    132  0894		       a0 f9		      LDY	#249
    133  0896		       8c 06 d4 	      STY	$D406
    134  0899		       a0 11		      LDY	#17
    135  089b		       8c 04 d4 	      STY	$D404
    136  089e		       a0 10		      LDY	#16
    137  08a0		       8c 04 d4 	      STY	$D404
    138  08a3		       60		      RTS
    139  08a4
