------- FILE terminal.asm LEVEL 1 PASS 2
      1  08a9		       d7 f2	   MODEM_DATA_OUT EQU	$D7F2
      2  08a9		       d7 f0	   MODEM_DATA_IN EQU	$D7F0
      3  08a9		       d7 f3	   MODEM_DATA_REQ EQU	$D7F3
      4  08a9		       d7 f1	   MODEM_ACK  EQU	$D7F1	; PORTA PER L'HANDSHAKE
      5  08a9		       d7 f4	   MODEM_CONNST EQU	$D7F4
      6  08a9 ????
      7  08a9 ????				      PROCESSOR	6502
      8  08a9 ????
      9  08a9 ????
     10  08a9 ????	       ff e4	   GETIN      =	$FFE4
     11  08a9 ????	       ff d2	   CHROUT     =	$FFD2
     12  08a9 ????
     13  08a9 ????
     14  08a9 ????
     15  08a9 ????
     16  08a9 ????
     17  08a9 ????
     18  08a9 ????
     19  08a9 ????
     20  0801					      ORG	2049
     21  0801
     22  0801
     23  0801		       0c 08 e4 07*BASIC_ROW_0 BYTE.b	[BASIC_ROW_1%256],[BASIC_ROW_1/256],[2020%256],[2020/256],158,[[[MAIN%100000]-[MAIN%10000]]/10000+$30],[[[MAIN%10000]-[MAIN%1000]]/1000+$30],[[[MAIN%1000]-[MAIN%100]]/100+$30],[[[MAIN%100]-[MAIN%10]]/10+$30],[[[MAIN%10]-[MAIN%1]]/1+$30],0
     24  080c		       00 00	   BASIC_ROW_1 BYTE.b	0,0
     25  080e
     26  080e				   MAIN
     27  080e		       a9 00		      LDA	#0
     28  0810		       8d 20 d0 	      STA	53280
     29  0813		       8d 21 d0 	      STA	53281
     30  0816		       a9 0f		      LDA	#15
     31  0818		       8d 18 d4 	      STA	54296
     32  081b		       a9 0e		      LDA	#14
     33  081d		       20 d2 ff 	      JSR	CHROUT
     34  0820		       a9 93		      LDA	#147
     35  0822		       20 d2 ff 	      JSR	CHROUT
     36  0825		       a9 05		      LDA	#5
     37  0827		       20 d2 ff 	      JSR	CHROUT
     38  082a
     39  082a		       a9 00		      LDA	#0
     40  082c		       8d f2 d7 	      STA	MODEM_DATA_OUT
     41  082f
     42  082f				   TERMINAL
     43  082f
     44  082f		       ad f3 d7 	      LDA	MODEM_DATA_REQ
     45  0832				   IF_38_START
     46  0832		       c9 00		      CMP	#0
     47  0834		       f0 28		      BEQ	IF_38_ELSE
     48  0836		       20 79 08 	      JSR	CURSOR_OFF
     49  0839				   DO_40_START
     50  0839
     51  0839		       a2 00		      LDX	#0
     52  083b		       86 d4		      STX	$D4
     53  083d		       86 d8		      STX	$D8
     54  083f
     55  083f
     56  083f		       ad f0 d7 	      LDA	MODEM_DATA_IN
     57  0842
     58  0842
     59  0842				   IF_50_START
     60  0842		       c9 07		      CMP	#7
     61  0844		       d0 03		      BNE	IF_50_ELSE
     62  0846		       20 8a 08 	      JSR	TERM_BELL
     63  0849				   IF_50_ELSE
     64  0849				   IF_50_END
     65  0849
     66  0849
     67  0849
     68  0849		       20 d2 ff 	      JSR	CHROUT
     69  084c
     70  084c
     71  084c
     72  084c		       a9 00		      LDA	#0
     73  084e		       8d f1 d7 	      STA	MODEM_ACK
     74  0851		       a9 01		      LDA	#1
     75  0853		       8d f1 d7 	      STA	MODEM_ACK
     76  0856
     77  0856
     78  0856		       ad f3 d7 	      LDA	MODEM_DATA_REQ
     79  0859		       d0 de		      BNE	DO_40_START
     80  085b				   DO_40_END
     81  085b
     82  085b		       20 74 08 	      JSR	CURSOR_ON
     83  085e				   IF_38_ELSE
     84  085e				   IF_38_END
     85  085e
     86  085e
     87  085e		       20 e4 ff 	      JSR	GETIN
     88  0861				   IF_75_START
     89  0861		       c9 00		      CMP	#0
     90  0863		       f0 03		      BEQ	IF_75_ELSE
     91  0865		       8d f2 d7 	      STA	MODEM_DATA_OUT
     92  0868				   IF_75_ELSE
     93  0868				   IF_75_END
     94  0868
     95  0868
     96  0868
     97  0868		       ad f4 d7 	      LDA	MODEM_CONNST
     98  086b		       8d 20 d0 	      STA	53280
     99  086e		       8d 21 d0 	      STA	53281
    100  0871
    101  0871		       4c 2f 08 	      JMP	TERMINAL
    102  0874
    103  0874
    104  0874
    105  0874
    106  0874				   CURSOR_ON
    107  0874		       a0 00		      LDY	#$00
    108  0876		       84 cc		      STY	$CC
    109  0878		       60		      RTS
    110  0879
    111  0879				   CURSOR_OFF
    112  0879		       a4 cc		      LDY	$CC
    113  087b				   IF_97_START
    114  087b		       d0 08		      BNE	IF_97_ELSE
    115  087d		       a0 01		      LDY	#$01
    116  087f		       84 cd		      STY	$CD
    117  0881				   DO_92_START
    118  0881		       a4 cf		      LDY	$CF
    119  0883		       d0 fc		      BNE	DO_92_START
    120  0885				   DO_92_END
    121  0885
    122  0885				   IF_97_ELSE
    123  0885				   IF_97_END
    124  0885		       a0 ff		      LDY	#$FF
    125  0887		       84 cc		      STY	$CC
    126  0889		       60		      RTS
    127  088a
    128  088a				   TERM_BELL
    129  088a		       a0 0f		      LDY	#15
    130  088c		       8c 18 d4 	      STY	$D418
    131  088f		       a0 14		      LDY	#20
    132  0891		       8c 01 d4 	      STY	$D401
    133  0894		       a0 00		      LDY	#0
    134  0896		       8c 05 d4 	      STY	$D405
    135  0899		       a0 f9		      LDY	#249
    136  089b		       8c 06 d4 	      STY	$D406
    137  089e		       a0 11		      LDY	#17
    138  08a0		       8c 04 d4 	      STY	$D404
    139  08a3		       a0 10		      LDY	#16
    140  08a5		       8c 04 d4 	      STY	$D404
    141  08a8		       60		      RTS
    142  08a9
